{
  "query_time_utc": "2026-10-01T17:24:47.499000+00:00",
  "capital_usdt": "1000000",
  "counts": {
    "registered_routes": 149,
    "latest_rows": 149,
    "30d_rows": 11888,
    "fresh_source_24h": 144,
    "stale_source_24h": 5,
    "fresh_tron": 127,
    "fresh_tron_max_apr": "0.033242561308045",
    "fresh_tron_above_3pct": 57,
    "latest_missing_payload_hash": 0,
    "30d_missing_payload_hash": 0
  },
  "ratio_returns": [
    {
      "yield_route_id": 1,
      "provider": "JustLend",
      "product": "strx",
      "requested_days": 7,
      "actual_days": "7.03087873842592592592592592592592592592592592592592592592593",
      "start_time": "2026-09-24 16:09:13.106",
      "end_time": "2026-10-01 16:53:41.029",
      "ratio_start": "1.317137487172045238",
      "ratio_end": "1.318150363122761226",
      "holding_return": "0.00076899789170125227382641477248570125905237535410715588246",
      "simple_annualized_rate": "0.0399216429287751737096903736678604425759542683986678057225724",
      "n": 173,
      "decreasing_intervals": 0
    },
    {
      "yield_route_id": 1,
      "provider": "JustLend",
      "product": "strx",
      "requested_days": 30,
      "actual_days": "12.8051527777777777777777777777777777777777777777777777777778",
      "start_time": "2026-09-18 21:34:15.829",
      "end_time": "2026-10-01 16:53:41.029",
      "ratio_start": "1.316296959443876172",
      "ratio_end": "1.318150363122761226",
      "holding_return": "0.00140804372872524196090985055494423724379300666512086763935",
      "simple_annualized_rate": "0.0401350901393854673657966167959019912414601057510229731326886",
      "n": 298,
      "decreasing_intervals": 0
    },
    {
      "yield_route_id": 136,
      "provider": "Marinade",
      "product": "msol",
      "requested_days": 7,
      "actual_days": "8.0271875",
      "start_time": "2026-09-22 06:31:49.000",
      "end_time": "2026-09-30 07:10:58.000",
      "ratio_start": "1.4079371427651495",
      "ratio_end": "1.409451998770237",
      "holding_return": "0.00107594008217750745586333942946715285050198834090764321348",
      "simple_annualized_rate": "0.0489235027828601513780659654150984750802476887990083417037661",
      "n": 7,
      "decreasing_intervals": 0
    },
    {
      "yield_route_id": 136,
      "provider": "Marinade",
      "product": "msol",
      "requested_days": 30,
      "actual_days": "27.8315740740740740740740740740740740740740740740740740740741",
      "start_time": "2026-09-02 11:13:30.000",
      "end_time": "2026-09-30 07:10:58.000",
      "ratio_start": "1.4040391666349024",
      "ratio_end": "1.409451998770237",
      "holding_return": "0.00385518599762973646111128926261942737006860339686404128322",
      "simple_annualized_rate": "0.0505592276379958185304483725626229957742187117297435657558304",
      "n": 20,
      "decreasing_intervals": 0
    },
    {
      "yield_route_id": 137,
      "provider": "BlazeStake",
      "product": "bsol",
      "requested_days": 7,
      "actual_days": "7.16197916666666666666666666666666666666666666666666666666667",
      "start_time": "2026-09-24 10:08:47.000",
      "end_time": "2026-10-01 14:02:02.000",
      "ratio_start": "1.3171838939258883",
      "ratio_end": "1.318521881385878",
      "holding_return": "0.00101579397239804256074829594815058487560018077561235190565",
      "simple_annualized_rate": "0.0517684834453165752725187841221678336717770843974355476314101",
      "n": 34,
      "decreasing_intervals": 0
    },
    {
      "yield_route_id": 137,
      "provider": "BlazeStake",
      "product": "bsol",
      "requested_days": 30,
      "actual_days": "12.1375810185185185185185185185185185185185185185185185185185",
      "start_time": "2026-09-19 10:43:55.000",
      "end_time": "2026-10-01 14:02:02.000",
      "ratio_start": "1.3162877732707039",
      "ratio_end": "1.318521881385878",
      "holding_return": "0.00169727939478067297100330368420494230314585906228229750713",
      "simple_annualized_rate": "0.0510403990836191378491010043846133884295388532404182889507086",
      "n": 59,
      "decreasing_intervals": 0
    },
    {
      "yield_route_id": 138,
      "provider": "Jito",
      "product": "jitosol",
      "requested_days": 7,
      "actual_days": "7.15591435185185185185185185185185185185185185185185185185185",
      "start_time": "2026-09-24 09:53:25.000",
      "end_time": "2026-10-01 13:37:56.000",
      "ratio_start": "1.3028191713027886",
      "ratio_end": "1.3039464652900838",
      "holding_return": "0.00086527279619928563472200623739701811786379465237189592025",
      "simple_annualized_rate": "0.0441347611337757581652595523687062200312688580852087672574065",
      "n": 37,
      "decreasing_intervals": 0
    },
    {
      "yield_route_id": 138,
      "provider": "Jito",
      "product": "jitosol",
      "requested_days": 30,
      "actual_days": "18.6045601851851851851851851851851851851851851851851851851852",
      "start_time": "2026-09-12 23:07:22.000",
      "end_time": "2026-10-01 13:37:56.000",
      "ratio_start": "1.300838912959609",
      "ratio_end": "1.3039464652900838",
      "holding_return": "0.00238888328102411969021705089353177806008686184468788906591",
      "simple_annualized_rate": "0.0468671330520423473378595432088771003368718560974057221525349",
      "n": 69,
      "decreasing_intervals": 0
    },
    {
      "yield_route_id": 140,
      "provider": "Helius",
      "product": "hsol",
      "requested_days": 7,
      "actual_days": "7.15503472222222222222222222222222222222222222222222222222222",
      "start_time": "2026-09-24 10:08:45.000",
      "end_time": "2026-10-01 13:52:00.000",
      "ratio_start": "1.1878688028003477",
      "ratio_end": "1.1891533220061093",
      "holding_return": "0.00108136454357030278727023792641426388529865156961009268359",
      "simple_annualized_rate": "0.0551636817606630087583274262124414236394313701974682468633590",
      "n": 34,
      "decreasing_intervals": 0
    },
    {
      "yield_route_id": 140,
      "provider": "Helius",
      "product": "hsol",
      "requested_days": 30,
      "actual_days": "12.1306134259259259259259259259259259259259259259259259259259",
      "start_time": "2026-09-19 10:43:55.000",
      "end_time": "2026-10-01 13:52:00.000",
      "ratio_start": "1.1869940435069001",
      "ratio_end": "1.1891533220061093",
      "holding_return": "0.00181911485657480295989214726172840158374337103927683893680",
      "simple_annualized_rate": "0.0547356427359832324125989361987499795769722389831305597455596",
      "n": 59,
      "decreasing_intervals": 0
    },
    {
      "yield_route_id": 141,
      "provider": "Jupiter",
      "product": "jupsol",
      "requested_days": 7,
      "actual_days": "7.155",
      "start_time": "2026-09-24 10:08:46.000",
      "end_time": "2026-10-01 13:51:58.000",
      "ratio_start": "1.2108190937953841",
      "ratio_end": "1.2121895529456945",
      "holding_return": "0.00113184468045892363335353470422717295015392018392749224102",
      "simple_annualized_rate": "0.0577391066900778652933668996565923307905214349592641045384067",
      "n": 34,
      "decreasing_intervals": 0
    },
    {
      "yield_route_id": 141,
      "provider": "Jupiter",
      "product": "jupsol",
      "requested_days": 30,
      "actual_days": "12.1305902777777777777777777777777777777777777777777777777778",
      "start_time": "2026-09-19 10:43:55.000",
      "end_time": "2026-10-01 13:51:58.000",
      "ratio_start": "1.2098883246264974",
      "ratio_end": "1.2121895529456945",
      "holding_return": "0.00190201713030622751353015558067728960669777306021578119799",
      "simple_annualized_rate": "0.0572302119405974439683565007659116740151504902063718959851582",
      "n": 59,
      "decreasing_intervals": 0
    },
    {
      "yield_route_id": 142,
      "provider": "Laine",
      "product": "lainesol",
      "requested_days": 7,
      "actual_days": "7.15496527777777777777777777777777777777777777777777777777778",
      "start_time": "2026-09-24 10:08:47.000",
      "end_time": "2026-10-01 13:51:56.000",
      "ratio_start": "1.3389624256193612",
      "ratio_end": "1.3404070632224977",
      "holding_return": "0.00107892318372433553706383886953474163485828885701867876059",
      "simple_annualized_rate": "0.0550396747951365124530608318647656496587467544633454386829371",
      "n": 34,
      "decreasing_intervals": 0
    },
    {
      "yield_route_id": 142,
      "provider": "Laine",
      "product": "lainesol",
      "requested_days": 30,
      "actual_days": "12.1305671296296296296296296296296296296296296296296296296296",
      "start_time": "2026-09-19 10:43:55.000",
      "end_time": "2026-10-01 13:51:56.000",
      "ratio_start": "1.338021493746614",
      "ratio_end": "1.3404070632224977",
      "holding_return": "0.00178290818722487874617667623654685720980926331887814202431",
      "simple_annualized_rate": "0.0536464191148620918988395570530728912827776937318213829643321",
      "n": 59,
      "decreasing_intervals": 0
    },
    {
      "yield_route_id": 148,
      "provider": "Ankr",
      "product": "avalanche-ankravax-staking",
      "requested_days": 7,
      "actual_days": "7.03085648148148148148148148148148148148148148148148148148148",
      "start_time": "2026-09-24 16:08:59.000",
      "end_time": "2026-10-01 16:53:25.000",
      "ratio_start": "1.416299332832773907",
      "ratio_end": "1.416299332832773907",
      "holding_return": "0",
      "simple_annualized_rate": "0",
      "n": 173,
      "decreasing_intervals": 0
    },
    {
      "yield_route_id": 148,
      "provider": "Ankr",
      "product": "avalanche-ankravax-staking",
      "requested_days": 30,
      "actual_days": "12.8055208333333333333333333333333333333333333333333333333333",
      "start_time": "2026-09-18 21:33:28.000",
      "end_time": "2026-10-01 16:53:25.000",
      "ratio_start": "1.416299332832773907",
      "ratio_end": "1.416299332832773907",
      "holding_return": "0",
      "simple_annualized_rate": "0",
      "n": 298,
      "decreasing_intervals": 0
    },
    {
      "yield_route_id": 149,
      "provider": "BENQI",
      "product": "avalanche-savax-staking",
      "requested_days": 7,
      "actual_days": "7.03076388888888888888888888888888888888888888888888888888889",
      "start_time": "2026-09-24 16:09:04.000",
      "end_time": "2026-10-01 16:53:22.000",
      "ratio_start": "1.286191137462243623",
      "ratio_end": "1.287717329529955287",
      "holding_return": "0.00118659818378391341417127492950153203711443569612597383201",
      "simple_annualized_rate": "0.0616018890586830586300704347901588493730280021220046666045511",
      "n": 173,
      "decreasing_intervals": 0
    },
    {
      "yield_route_id": 149,
      "provider": "BENQI",
      "product": "avalanche-savax-staking",
      "requested_days": 30,
      "actual_days": "12.8054398148148148148148148148148148148148148148148148148148",
      "start_time": "2026-09-18 21:33:32.000",
      "end_time": "2026-10-01 16:53:22.000",
      "ratio_start": "1.285406205259792422",
      "ratio_end": "1.287717329529955287",
      "holding_return": "0.00179797192568847566652083096884263835427164788353707577629",
      "simple_annualized_rate": "0.0512485133167434346111234966272484776076344577004720050624838",
      "n": 298,
      "decreasing_intervals": 0
    }
  ],
  "conditional_hedge_scenarios": [
    {
      "label": "sTRX_realized_12_8d_ratio",
      "asset_yield_rate": "0.0401350901393854673657966167959019912414601057510229731326886",
      "non_earning_exit_days_assumed": 14,
      "yield_after_idle_days": "0.0385956620244501343709441438229084902075410879961892152591060",
      "invested_fraction": "0.8",
      "expense_fraction_of_capital": "0.003",
      "full_capital_rate_before_funding": "0.0278765296195601074967553150583267921660328703969513722072848",
      "minimum_short_received_funding_annualized": "0.0026543379755498656290558561770915097924589120038107847408940",
      "status": "conditional_only: asset funding, execution depth and actual costs unavailable; no certified >=3% result"
    },
    {
      "label": "sAVAX_realized_12_8d_ratio",
      "asset_yield_rate": "0.0512485133167434346111234966272484776076344577004720050624838",
      "non_earning_exit_days_assumed": 2,
      "yield_after_idle_days": "0.0509676995451448404488707651388799927988255017678666790073468",
      "invested_fraction": "0.8",
      "expense_fraction_of_capital": "0.003",
      "full_capital_rate_before_funding": "0.0377741596361158723590966121111039942390604014142933432058774",
      "minimum_short_received_funding_annualized": "-0.0097176995451448404488707651388799927988255017678666790073468",
      "status": "conditional_only: asset funding, execution depth and actual costs unavailable; no certified >=3% result"
    },
    {
      "label": "Kamino_SOL_30d_reported_median",
      "asset_yield_rate": "0.04668975858545554",
      "non_earning_exit_days_assumed": 0,
      "yield_after_idle_days": "0.04668975858545554",
      "invested_fraction": "0.8",
      "expense_fraction_of_capital": "0.003",
      "full_capital_rate_before_funding": "0.034351806868364432",
      "minimum_short_received_funding_annualized": "-0.00543975858545554",
      "status": "conditional_only: asset funding, execution depth and actual costs unavailable; no certified >=3% result"
    },
    {
      "label": "Kamino_SOL_30d_reported_min",
      "asset_yield_rate": "0.039111334854612156",
      "non_earning_exit_days_assumed": 0,
      "yield_after_idle_days": "0.039111334854612156",
      "invested_fraction": "0.8",
      "expense_fraction_of_capital": "0.003",
      "full_capital_rate_before_funding": "0.0282890678836897248",
      "minimum_short_received_funding_annualized": "0.002138665145387844",
      "status": "conditional_only: asset funding, execution depth and actual costs unavailable; no certified >=3% result"
    }
  ]
}
Highest TRON [(20, 'TRON vote for NeuralNodes', '0.033242561308045', [{'requested_days': 7, 'n': 31, 'first_time': '2026-09-24 23:09:06.000', 'last_time': '2026-10-01 14:05:33.000', 'actual_span_days': '6.62253472222222222222222222222222222222222222222222222222222', 'min_rate': '0.0327320603288545', 'median_rate': '0.032850522878633', 'max_rate': '0.033242561308045', 'reported_rate_ge_3pct_samples': 31, 'rate_samples': 31, 'max_gap_hours': '6.02166666666666666666666666666666666666666666666666666666667', 'missing_hash_count': 0, 'anchored_count': 31, 'finality_values': ['finalized_anchor']}, {'requested_days': 30, 'n': 59, 'first_time': '2026-09-19 10:44:18.000', 'last_time': '2026-10-01 14:05:33.000', 'actual_span_days': '12.1397569444444444444444444444444444444444444444444444444444', 'min_rate': '0.032729104938199', 'median_rate': '0.032810068915393', 'max_rate': '0.033242561308045', 'reported_rate_ge_3pct_samples': 59, 'rate_samples': 59, 'max_gap_hours': '11.2258333333333333333333333333333333333333333333333333333333', 'missing_hash_count': 0, 'anchored_count': 59, 'finality_values': ['finalized_anchor']}]), (27, 'TRON vote for http://cryptochain.network', '0.03324239592418272', [{'requested_days': 7, 'n': 31, 'first_time': '2026-09-24 23:09:06.000', 'last_time': '2026-10-01 14:05:33.000', 'actual_span_days': '6.62253472222222222222222222222222222222222222222222222222222', 'min_rate': '0.03268593836613984', 'median_rate': '0.032893587316836', 'max_rate': '0.03324866325843888', 'reported_rate_ge_3pct_samples': 31, 'rate_samples': 31, 'max_gap_hours': '6.02166666666666666666666666666666666666666666666666666666667', 'missing_hash_count': 0, 'anchored_count': 31, 'finality_values': ['finalized_anchor']}, {'requested_days': 30, 'n': 59, 'first_time': '2026-09-19 10:44:18.000', 'last_time': '2026-10-01 14:05:33.000', 'actual_span_days': '12.1397569444444444444444444444444444444444444444444444444444', 'min_rate': '0.03266530344357216', 'median_rate': '0.03286166634370896', 'max_rate': '0.03324866325843888', 'reported_rate_ge_3pct_samples': 59, 'rate_samples': 59, 'max_gap_hours': '11.2258333333333333333333333333333333333333333333333333333333', 'missing_hash_count': 0, 'anchored_count': 59, 'finality_values': ['finalized_anchor']}]), (30, 'TRON vote for https://okcoin.jp/', '0.0332244486518437', [{'requested_days': 7, 'n': 31, 'first_time': '2026-09-24 23:09:06.000', 'last_time': '2026-10-01 14:05:33.000', 'actual_span_days': '6.62253472222222222222222222222222222222222222222222222222222', 'min_rate': '0.0325671749784718', 'median_rate': '0.032878378599154625', 'max_rate': '0.03358073687407055', 'reported_rate_ge_3pct_samples': 31, 'rate_samples': 31, 'max_gap_hours': '6.02166666666666666666666666666666666666666666666666666666667', 'missing_hash_count': 0, 'anchored_count': 31, 'finality_values': ['finalized_anchor']}, {'requested_days': 30, 'n': 59, 'first_time': '2026-09-19 10:44:18.000', 'last_time': '2026-10-01 14:05:33.000', 'actual_span_days': '12.1397569444444444444444444444444444444444444444444444444444', 'min_rate': '0.032544601561273675', 'median_rate': '0.032818776897199', 'max_rate': '0.03358073687407055', 'reported_rate_ge_3pct_samples': 59, 'rate_samples': 59, 'max_gap_hours': '11.2258333333333333333333333333333333333333333333333333333333', 'missing_hash_count': 0, 'anchored_count': 59, 'finality_values': ['finalized_anchor']}])]
WINDOW 1 JustLend strx [{"requested_days": 7, "n": 171, "first_time": "2026-09-24 18:07:52.098", "last_time": "2026-10-01 16:53:41.029", "actual_span_days": "6.94848299768518518518518518518518518518518518518518518518519", "min_rate": "0.02643239", "median_rate": "0.03347376", "max_rate": "0.06793582", "reported_rate_ge_3pct_samples": 114, "rate_samples": 171, "max_gap_hours": "1.00459027777777777777777777777777777777777777777777777777778", "missing_hash_count": 0, "anchored_count": 0, "finality_values": ["NULL"]}, {"requested_days": 30, "n": 298, "first_time": "2026-09-18 21:34:15.829", "last_time": "2026-10-01 16:53:41.029", "actual_span_days": "12.8051527777777777777777777777777777777777777777777777777778", "min_rate": "0.02643239", "median_rate": "0.03434598", "max_rate": "0.06793582", "reported_rate_ge_3pct_samples": 204, "rate_samples": 298, "max_gap_hours": "13.1647311111111111111111111111111111111111111111111111111111", "missing_hash_count": 0, "anchored_count": 0, "finality_values": ["NULL"]}]
WINDOW 2 JustLend jtrx [{"requested_days": 7, "n": 171, "first_time": "2026-09-24 18:07:52.098", "last_time": "2026-10-01 16:53:41.029", "actual_span_days": "6.94848299768518518518518518518518518518518518518518518518519", "min_rate": "0.003131491340304", "median_rate": "0.003160031945904", "max_rate": "0.003198043852992", "reported_rate_ge_3pct_samples": 0, "rate_samples": 171, "max_gap_hours": "1.00459027777777777777777777777777777777777777777777777777778", "missing_hash_count": 0, "anchored_count": 0, "finality_values": ["NULL"]}, {"requested_days": 30, "n": 298, "first_time": "2026-09-18 21:34:15.829", "last_time": "2026-10-01 16:53:41.029", "actual_span_days": "12.8051527777777777777777777777777777777777777777777777777778", "min_rate": "0.003025021410288", "median_rate": "0.003156046226496", "max_rate": "0.003198043852992", "reported_rate_ge_3pct_samples": 0, "rate_samples": 298, "max_gap_hours": "13.1647311111111111111111111111111111111111111111111111111111", "missing_hash_count": 0, "anchored_count": 0, "finality_values": ["NULL"]}]
WINDOW 3 JustLend strx-jstrx [{"requested_days": 7, "n": 171, "first_time": "2026-09-24 18:07:52.098", "last_time": "2026-10-01 16:53:41.029", "actual_span_days": "6.94848299768518518518518518518518518518518518518518518518519", "min_rate": "0.026449377801968", "median_rate": "0.03349105308096", "max_rate": "0.067952863347376", "reported_rate_ge_3pct_samples": 114, "rate_samples": 171, "max_gap_hours": "1.00459027777777777777777777777777777777777777777777777777778", "missing_hash_count": 0, "anchored_count": 0, "finality_values": ["NULL"]}, {"requested_days": 30, "n": 298, "first_time": "2026-09-18 21:34:15.829", "last_time": "2026-10-01 16:53:41.029", "actual_span_days": "12.8051527777777777777777777777777777777777777777777777777778", "min_rate": "0.026449377801968", "median_rate": "0.03436327686528", "max_rate": "0.067952863347376", "reported_rate_ge_3pct_samples": 204, "rate_samples": 298, "max_gap_hours": "13.1647311111111111111111111111111111111111111111111111111111", "missing_hash_count": 0, "anchored_count": 0, "finality_values": ["NULL"]}]
WINDOW 4 JustLend trx-v2-vault [{"requested_days": 7, "n": 171, "first_time": "2026-09-24 18:07:52.016", "last_time": "2026-10-01 16:53:40.947", "actual_span_days": "6.94848299768518518518518518518518518518518518518518518518519", "min_rate": "0.000222981117896001", "median_rate": "0.000252679828625321", "max_rate": "0.000267201932262822", "reported_rate_ge_3pct_samples": 0, "rate_samples": 171, "max_gap_hours": "1.00458916666666666666666666666666666666666666666666666666667", "missing_hash_count": 0, "anchored_count": 0, "finality_values": ["NULL"]}, {"requested_days": 30, "n": 298, "first_time": "2026-09-18 21:34:15.552", "last_time": "2026-10-01 16:53:40.947", "actual_span_days": "12.8051550347222222222222222222222222222222222222222222222222", "min_rate": "0.000222981117896001", "median_rate": "0.000262901807266888", "max_rate": "0.001135275226234892", "reported_rate_ge_3pct_samples": 0, "rate_samples": 298, "max_gap_hours": "13.1647294444444444444444444444444444444444444444444444444444", "missing_hash_count": 0, "anchored_count": 0, "finality_values": ["NULL"]}]
WINDOW 135 Marinade marinade-native [{"requested_days": 7, "n": 5, "first_time": "2026-09-24 21:00:04.000", "last_time": "2026-09-30 05:36:03.000", "actual_span_days": "5.35832175925925925925925925925925925925925925925925925925926", "min_rate": "0.050496179564147974", "median_rate": "0.050763472372564844", "max_rate": "0.05103400180537477", "reported_rate_ge_3pct_samples": 5, "rate_samples": 5, "max_gap_hours": "32.1905555555555555555555555555555555555555555555555555555556", "missing_hash_count": 0, "anchored_count": 0, "finality_values": ["NULL"]}, {"requested_days": 30, "n": 20, "first_time": "2026-09-02 09:36:22.000", "last_time": "2026-09-30 05:36:03.000", "actual_span_days": "27.8331134259259259259259259259259259259259259259259259259259", "min_rate": "0.050496179564147974", "median_rate": "0.0529142593933952", "max_rate": "0.05591918903571136", "reported_rate_ge_3pct_samples": 20, "rate_samples": 20, "max_gap_hours": "38.0552777777777777777777777777777777777777777777777777777778", "missing_hash_count": 0, "anchored_count": 0, "finality_values": ["NULL"]}]
WINDOW 136 Marinade msol [{"requested_days": 7, "n": 5, "first_time": "2026-09-24 23:17:34.000", "last_time": "2026-09-30 07:10:58.000", "actual_span_days": "5.32875", "min_rate": "0.050068497957688016", "median_rate": "0.0502760839621044", "max_rate": "0.05173916875831841", "reported_rate_ge_3pct_samples": 5, "rate_samples": 5, "max_gap_hours": "33.1016666666666666666666666666666666666666666666666666666667", "missing_hash_count": 0, "anchored_count": 0, "finality_values": ["NULL"]}, {"requested_days": 30, "n": 20, "first_time": "2026-09-02 11:13:30.000", "last_time": "2026-09-30 07:10:58.000", "actual_span_days": "27.8315740740740740740740740740740740740740740740740740740741", "min_rate": "0.050068497957688016", "median_rate": "0.05320400667880406", "max_rate": "0.056457543487854235", "reported_rate_ge_3pct_samples": 20, "rate_samples": 20, "max_gap_hours": "40.8811111111111111111111111111111111111111111111111111111111", "missing_hash_count": 0, "anchored_count": 0, "finality_values": ["NULL"]}]
WINDOW 137 BlazeStake bsol [{"requested_days": 7, "n": 31, "first_time": "2026-09-24 23:07:42.000", "last_time": "2026-10-01 14:02:02.000", "actual_span_days": "6.62106481481481481481481481481481481481481481481481481481481", "min_rate": "0.030342696191971725", "median_rate": "0.031113410395487662", "max_rate": "0.031446335235031162", "reported_rate_ge_3pct_samples": 31, "rate_samples": 31, "max_gap_hours": "6.16694444444444444444444444444444444444444444444444444444444", "missing_hash_count": 0, "anchored_count": 31, "finality_values": ["finalized"]}, {"requested_days": 30, "n": 59, "first_time": "2026-09-19 10:43:55.000", "last_time": "2026-10-01 14:02:02.000", "actual_span_days": "12.1375810185185185185185185185185185185185185185185185185185", "min_rate": "0.030342696191971725", "median_rate": "0.031113410394830212", "max_rate": "0.036835774926485775", "reported_rate_ge_3pct_samples": 59, "rate_samples": 59, "max_gap_hours": "11.2633333333333333333333333333333333333333333333333333333333", "missing_hash_count": 0, "anchored_count": 59, "finality_values": ["finalized"]}]
WINDOW 138 Jito jitosol [{"requested_days": 7, "n": 34, "first_time": "2026-09-24 22:01:02.000", "last_time": "2026-10-01 13:37:56.000", "actual_span_days": "6.650625", "min_rate": "0.047696071557979725", "median_rate": "0.048537446797755734", "max_rate": "0.04916990025101664", "reported_rate_ge_3pct_samples": 34, "rate_samples": 34, "max_gap_hours": "7.02444444444444444444444444444444444444444444444444444444444", "missing_hash_count": 0, "anchored_count": 0, "finality_values": ["NULL"]}, {"requested_days": 30, "n": 69, "first_time": "2026-09-12 23:07:22.000", "last_time": "2026-10-01 13:37:56.000", "actual_span_days": "18.6045601851851851851851851851851851851851851851851851851852", "min_rate": "0.047696071557979725", "median_rate": "0.048537446797755734", "max_rate": "0.049823119186896525", "reported_rate_ge_3pct_samples": 69, "rate_samples": 69, "max_gap_hours": "24.5030555555555555555555555555555555555555555555555555555556", "missing_hash_count": 0, "anchored_count": 0, "finality_values": ["NULL"]}]
WINDOW 139 Kamino main-sol [{"requested_days": 7, "n": 162, "first_time": "2026-09-24 18:00:00.000", "last_time": "2026-10-01 12:00:00.000", "actual_span_days": "6.75", "min_rate": "0.04281183876647843", "median_rate": "0.04941870993652242", "max_rate": "0.142179537014667", "reported_rate_ge_3pct_samples": 162, "rate_samples": 162, "max_gap_hours": "2", "missing_hash_count": 0, "anchored_count": 0, "finality_values": ["NULL"]}, {"requested_days": 30, "n": 714, "first_time": "2026-09-01 18:00:00.000", "last_time": "2026-10-01 12:00:00.000", "actual_span_days": "29.75", "min_rate": "0.039111334854612156", "median_rate": "0.04668975858545554", "max_rate": "0.142179537014667", "reported_rate_ge_3pct_samples": 714, "rate_samples": 714, "max_gap_hours": "2", "missing_hash_count": 0, "anchored_count": 0, "finality_values": ["NULL"]}]
WINDOW 140 Helius hsol [{"requested_days": 7, "n": 31, "first_time": "2026-09-24 23:07:44.000", "last_time": "2026-10-01 13:52:00.000", "actual_span_days": "6.61407407407407407407407407407407407407407407407407407407407", "min_rate": "0.031805275482183712", "median_rate": "0.032657944279392112", "max_rate": "0.03279032702824515", "reported_rate_ge_3pct_samples": 31, "rate_samples": 31, "max_gap_hours": "6.00138888888888888888888888888888888888888888888888888888889", "missing_hash_count": 0, "anchored_count": 31, "finality_values": ["finalized"]}, {"requested_days": 30, "n": 59, "first_time": "2026-09-19 10:43:55.000", "last_time": "2026-10-01 13:52:00.000", "actual_span_days": "12.1306134259259259259259259259259259259259259259259259259259", "min_rate": "0.031805275482183712", "median_rate": "0.032590480195148325", "max_rate": "0.038326916714686162", "reported_rate_ge_3pct_samples": 59, "rate_samples": 59, "max_gap_hours": "11.2633333333333333333333333333333333333333333333333333333333", "missing_hash_count": 0, "anchored_count": 59, "finality_values": ["finalized"]}]
WINDOW 141 Jupiter jupsol [{"requested_days": 7, "n": 31, "first_time": "2026-09-24 23:07:43.000", "last_time": "2026-10-01 13:51:58.000", "actual_span_days": "6.6140625", "min_rate": "0.029432436735114862", "median_rate": "0.035116186605775425", "max_rate": "0.036067072624102612", "reported_rate_ge_3pct_samples": 29, "rate_samples": 31, "max_gap_hours": "6.00138888888888888888888888888888888888888888888888888888889", "missing_hash_count": 0, "anchored_count": 31, "finality_values": ["finalized"]}, {"requested_days": 30, "n": 59, "first_time": "2026-09-19 10:43:55.000", "last_time": "2026-10-01 13:51:58.000", "actual_span_days": "12.1305902777777777777777777777777777777777777777777777777778", "min_rate": "0.029432436735114862", "median_rate": "0.035116159938598987", "max_rate": "0.042050208449853375", "reported_rate_ge_3pct_samples": 51, "rate_samples": 59, "max_gap_hours": "11.2627777777777777777777777777777777777777777777777777777778", "missing_hash_count": 0, "anchored_count": 59, "finality_values": ["finalized"]}]
WINDOW 142 Laine lainesol [{"requested_days": 7, "n": 31, "first_time": "2026-09-24 23:07:43.000", "last_time": "2026-10-01 13:51:56.000", "actual_span_days": "6.61403935185185185185185185185185185185185185185185185185185", "min_rate": "0.031952277953608237", "median_rate": "0.033033063054574087", "max_rate": "0.0336936600596229", "reported_rate_ge_3pct_samples": 31, "rate_samples": 31, "max_gap_hours": "6.00138888888888888888888888888888888888888888888888888888889", "missing_hash_count": 0, "anchored_count": 31, "finality_values": ["finalized"]}, {"requested_days": 30, "n": 59, "first_time": "2026-09-19 10:43:55.000", "last_time": "2026-10-01 13:51:56.000", "actual_span_days": "12.1305671296296296296296296296296296296296296296296296296296", "min_rate": "0.031541535702154875", "median_rate": "0.032463676361103862", "max_rate": "0.039338083158767625", "reported_rate_ge_3pct_samples": 59, "rate_samples": 59, "max_gap_hours": "11.2633333333333333333333333333333333333333333333333333333333", "missing_hash_count": 0, "anchored_count": 59, "finality_values": ["finalized"]}]
WINDOW 143 Save main-sol [{"requested_days": 7, "n": 38, "first_time": "2026-09-24 23:04:49.000", "last_time": "2026-10-01 13:50:32.000", "actual_span_days": "6.61508101851851851851851851851851851851851851851851851851852", "min_rate": "0.0237", "median_rate": "0.0269", "max_rate": "0.028570544406458648", "reported_rate_ge_3pct_samples": 0, "rate_samples": 38, "max_gap_hours": "6.04444444444444444444444444444444444444444444444444444444444", "missing_hash_count": 0, "anchored_count": 31, "finality_values": ["NULL", "finalized_anchor"]}, {"requested_days": 30, "n": 89, "first_time": "2026-09-02 00:00:00.000", "last_time": "2026-10-01 13:50:32.000", "actual_span_days": "29.5767592592592592592592592592592592592592592592592592592593", "min_rate": "0.023", "median_rate": "0.027", "max_rate": "0.03642301427090097", "reported_rate_ge_3pct_samples": 27, "rate_samples": 89, "max_gap_hours": "24", "missing_hash_count": 0, "anchored_count": 59, "finality_values": ["NULL", "finalized_anchor"]}]
WINDOW 144 Aave avalanche-v4-main-wavax-supply [{"requested_days": 7, "n": 84, "first_time": "2026-09-24 18:00:00.000", "last_time": "2026-10-01 16:00:00.000", "actual_span_days": "6.91666666666666666666666666666666666666666666666666666666667", "min_rate": "0.014413605275339695", "median_rate": "0.014673881924817979", "max_rate": "0.015202724413844981", "reported_rate_ge_3pct_samples": 0, "rate_samples": 84, "max_gap_hours": "2", "missing_hash_count": 0, "anchored_count": 0, "finality_values": ["NULL"]}, {"requested_days": 30, "n": 237, "first_time": "2026-09-12 00:00:00.000", "last_time": "2026-10-01 16:00:00.000", "actual_span_days": "19.6666666666666666666666666666666666666666666666666666666667", "min_rate": "0.014413605275339695", "median_rate": "0.01539158392095425", "max_rate": "0.016660570172796859", "reported_rate_ge_3pct_samples": 0, "rate_samples": 237, "max_gap_hours": "2", "missing_hash_count": 0, "anchored_count": 0, "finality_values": ["NULL"]}]
WINDOW 145 Aave avalanche-v3-wavax-supply [{"requested_days": 7, "n": 167, "first_time": "2026-09-24 18:00:00.000", "last_time": "2026-10-01 16:00:00.000", "actual_span_days": "6.91666666666666666666666666666666666666666666666666666666667", "min_rate": "0.003597612735579604", "median_rate": "0.007437909074684097", "max_rate": "0.014006418741251837", "reported_rate_ge_3pct_samples": 0, "rate_samples": 167, "max_gap_hours": "1", "missing_hash_count": 0, "anchored_count": 0, "finality_values": ["NULL"]}, {"requested_days": 30, "n": 462, "first_time": "2026-09-12 11:00:00.000", "last_time": "2026-10-01 16:00:00.000", "actual_span_days": "19.2083333333333333333333333333333333333333333333333333333333", "min_rate": "0.001628082111213827", "median_rate": "0.006655488301264506", "max_rate": "0.014006418741251837", "reported_rate_ge_3pct_samples": 0, "rate_samples": 462, "max_gap_hours": "1", "missing_hash_count": 0, "anchored_count": 0, "finality_values": ["NULL"]}]
WINDOW 146 OKX simple-earn-flexible-avax [{"requested_days": 7, "n": 167, "first_time": "2026-09-24 18:00:00.000", "last_time": "2026-10-01 16:00:00.000", "actual_span_days": "6.91666666666666666666666666666666666666666666666666666666667", "min_rate": "0.046", "median_rate": "0.0632", "max_rate": "0.0798", "reported_rate_ge_3pct_samples": 167, "rate_samples": 167, "max_gap_hours": "1", "missing_hash_count": 0, "anchored_count": 0, "finality_values": ["NULL"]}, {"requested_days": 30, "n": 462, "first_time": "2026-09-12 11:00:00.000", "last_time": "2026-10-01 16:00:00.000", "actual_span_days": "19.2083333333333333333333333333333333333333333333333333333333", "min_rate": "0.0124", "median_rate": "0.0272", "max_rate": "0.0807", "reported_rate_ge_3pct_samples": 210, "rate_samples": 462, "max_gap_hours": "1", "missing_hash_count": 0, "anchored_count": 0, "finality_values": ["NULL"]}]
WINDOW 147 BENQI avalanche-qiavax-supply [{"requested_days": 7, "n": 171, "first_time": "2026-09-24 18:07:44.000", "last_time": "2026-10-01 16:53:22.000", "actual_span_days": "6.94835648148148148148148148148148148148148148148148148148148", "min_rate": "0.009142546508928", "median_rate": "0.011855052666144", "max_rate": "0.015431675624064", "reported_rate_ge_3pct_samples": 0, "rate_samples": 171, "max_gap_hours": "1.00361111111111111111111111111111111111111111111111111111111", "missing_hash_count": 0, "anchored_count": 171, "finality_values": ["finalized"]}, {"requested_days": 30, "n": 298, "first_time": "2026-09-18 21:33:29.000", "last_time": "2026-10-01 16:53:22.000", "actual_span_days": "12.8054745370370370370370370370370370370370370370370370370370", "min_rate": "0.009142546508928", "median_rate": "0.012581318168352", "max_rate": "0.01874085788088", "reported_rate_ge_3pct_samples": 0, "rate_samples": 298, "max_gap_hours": "13.1763888888888888888888888888888888888888888888888888888889", "missing_hash_count": 0, "anchored_count": 298, "finality_values": ["finalized"]}]
WINDOW 148 Ankr avalanche-ankravax-staking [{"requested_days": 7, "n": 171, "first_time": "2026-09-24 18:07:47.000", "last_time": "2026-10-01 16:53:25.000", "actual_span_days": "6.94835648148148148148148148148148148148148148148148148148148", "min_rate": null, "median_rate": null, "max_rate": null, "reported_rate_ge_3pct_samples": 0, "rate_samples": 0, "max_gap_hours": "1.00388888888888888888888888888888888888888888888888888888889", "missing_hash_count": 0, "anchored_count": 171, "finality_values": ["finalized"]}, {"requested_days": 30, "n": 298, "first_time": "2026-09-18 21:33:28.000", "last_time": "2026-10-01 16:53:25.000", "actual_span_days": "12.8055208333333333333333333333333333333333333333333333333333", "min_rate": null, "median_rate": null, "max_rate": null, "reported_rate_ge_3pct_samples": 0, "rate_samples": 0, "max_gap_hours": "13.1766666666666666666666666666666666666666666666666666666667", "missing_hash_count": 0, "anchored_count": 298, "finality_values": ["finalized"]}]
WINDOW 149 BENQI avalanche-savax-staking [{"requested_days": 7, "n": 171, "first_time": "2026-09-24 18:07:46.000", "last_time": "2026-10-01 16:53:22.000", "actual_span_days": "6.94833333333333333333333333333333333333333333333333333333333", "min_rate": null, "median_rate": null, "max_rate": null, "reported_rate_ge_3pct_samples": 0, "rate_samples": 0, "max_gap_hours": "1.00361111111111111111111111111111111111111111111111111111111", "missing_hash_count": 0, "anchored_count": 171, "finality_values": ["finalized"]}, {"requested_days": 30, "n": 298, "first_time": "2026-09-18 21:33:32.000", "last_time": "2026-10-01 16:53:22.000", "actual_span_days": "12.8054398148148148148148148148148148148148148148148148148148", "min_rate": null, "median_rate": null, "max_rate": null, "reported_rate_ge_3pct_samples": 0, "rate_samples": 0, "max_gap_hours": "13.1755555555555555555555555555555555555555555555555555555556", "missing_hash_count": 0, "anchored_count": 298, "finality_values": ["finalized"]}]
