now {"now_utc":"2026-09-26 16:27:31.194657","server_timezone":"Asia\/Shanghai"}

schemas {"table":"derivative_book_minute","name":"id","type":"UInt64"}
{"table":"derivative_book_minute","name":"instrument_id","type":"UInt32"}
{"table":"derivative_book_minute","name":"minute_time","type":"DateTime('UTC')"}
{"table":"derivative_book_minute","name":"batch_id","type":"FixedString(64)"}
{"table":"derivative_book_minute","name":"encoding_version","type":"UInt8"}
{"table":"derivative_book_minute","name":"stored_depth","type":"UInt8"}
{"table":"derivative_book_minute","name":"signed","type":"Bool"}
{"table":"derivative_book_minute","name":"valid_bitmap","type":"UInt64"}
{"table":"derivative_book_minute","name":"delta_bitmap","type":"UInt64"}
{"table":"derivative_book_minute","name":"bid_prices","type":"Array(Int64)"}
{"table":"derivative_book_minute","name":"bid_qtys","type":"Array(UInt64)"}
{"table":"derivative_book_minute","name":"ask_prices","type":"Array(Int64)"}
{"table":"derivative_book_minute","name":"ask_qtys","type":"Array(UInt64)"}
{"table":"derivative_book_quality_minute","name":"instrument_id","type":"UInt32"}
{"table":"derivative_book_quality_minute","name":"minute_time","type":"DateTime('UTC')"}
{"table":"derivative_book_quality_minute","name":"batch_id","type":"FixedString(64)"}
{"table":"derivative_book_quality_minute","name":"signed","type":"Bool"}
{"table":"derivative_book_quality_minute","name":"row_hash","type":"FixedString(64)"}
{"table":"derivative_book_quality_minute","name":"sampled_bitmap","type":"UInt64"}
{"table":"derivative_book_quality_minute
runs {"run_id":"fac27b8c-7d81-4f0e-a0c0-a15130ecc095","run_hash":"c5e70b463f6f741a7c9f633676bf46b5c1b9c629eeb99f271866e07ad6e49953","started_at":"2026-09-25 06:35:18.571628","rest_url":"https:\/\/www.deribit.com","ws_url":"wss:\/\/www.deribit.com\/ws\/api\/v2","selection":"near_atm_v1","instrument_ids":[126,127,128,129,130,133,134,135,136,137,140,141,142,143,144,145,146,147,148,149,150,151,152,153,154,155,156,157],"symbols":["BTC-27SEP26","BTC-27SEP26-84000-C","BTC-27SEP26-84000-P","BTC-27SEP26-84500-C","BTC-27SEP26-84500-P","BTC_USDC-27SEP26","BTC_USDC-27SEP26-84000-C","BTC_USDC-27SEP26-84000-P","BTC_USDC-27SEP26-84500-C","BTC_USDC-27SEP26-84500-P","ETH-27SEP26","ETH-27SEP26-2660-C","ETH-27SEP26-2660-P","ETH-27SEP26-2680-C","ETH-27SEP26-2680-P","ETH-27SEP26-2700-C","ETH-27SEP26-2700-P","ETH_USDC-27SEP26","ETH_USDC-27SEP26-2660-C","ETH_USDC-27SEP26-2660-P","ETH_USDC-27SEP26-2680-C","ETH_USDC-27SEP26-2680-P","ETH_USDC-27SEP26-2700-C","ETH_USDC-27SEP26-2700-P","BTC_USDC-27SEP26-83500-C","BTC_USDC-27SEP26-83500-P","BTC-27SEP26-83500-C","BTC-27SEP26-83500-P"],"definition_hashes":["4726070b49c0cd3ac558b8281730ef7ad3e4c6aaf5c9c85e9ec33d573b8807d0","8fdd1686184c4121459305d8bb7b0b56d2b0d33c4dd98cfde3e03fc2babc3e43","eaa0b6fbeb3eef17bf559dfd060c0e566df778ab47f22b1032fcdfc984cb0ae5","9f83e304227e902171afb227b1f88f562bcd844c2f0c140a7bd22311f01d8029","07334ebb4d3ece6abaef8da9b4e785819fcb4d060ed07a32eb61892d30bd9263","47ff853e930ed0cfc1f305ed446f9a0615aff5cc7331fce1ab355f56a2755e05","5e45b8bc2
commits_summary {"run_id":"fac27b8c-7d81-4f0e-a0c0-a15130ecc095","minutes":2031,"first_minute":"2026-09-25 06:36:00","last_minute":"2026-09-26 16:26:00","anchors":55740}
{"run_id":"4450c650-18b1-4ea7-adff-088e8ed8e3e3","minutes":112,"first_minute":"2026-09-25 04:41:00","last_minute":"2026-09-25 06:32:00","anchors":3136}
{"run_id":"7c7bbda2-5b8d-4183-bc8d-a538296cabf3","minutes":662,"first_minute":"2026-09-24 17:09:00","last_minute":"2026-09-25 04:13:00","anchors":17977}
{"run_id":"6b91de2b-a98b-410c-98be-6af43c60449c","minutes":734,"first_minute":"2026-09-24 04:10:00","last_minute":"2026-09-24 16:23:00","anchors":17467}
{"run_id":"cfa18289-63a4-4c31-8383-aaa0b7765c7e","minutes":868,"first_minute":"2026-09-23 04:54:00","last_minute":"2026-09-23 19:21:00","anchors":22931}
{"run_id":"346ee6c1-9369-45e5-8ca7-b7631efbb512","minutes":9,"first_minute":"2026-09-23 04:43:00","last_minute":"2026-09-23 04:51:00","anchors":252}
{"run_id":"5d522df7-b0c9-4c20-ae21-aa93d4dea39f","minutes":16,"first_minute":"2026-09-23 04:23:00","last_minute":"2026-09-23 04:38:00","anchors":448}
{"run_id":"e178cc50-4a81-4127-9453-7327226c691d","minutes":3,"first_minute":"2026-09-23 04:18:00","last_minute":"2026-09-23 04:20:00","anchors":84}
{"run_id":"7dd7f9df-6d5b-4482-bc8e-13e51fbfdce8","minutes":2,"first_minute":"2026-09-23 04:14:00","last_minute":"2026-09-23 04:15:00","anchors":56}
{"run_id":"a08472a0-9e9a-492a-bf47-cf02da0ed45c","minutes":2,"first_minute":"2026-09-23 04:10:00","last_minute":"2026-09-23 04:11:00","ancho
latest_commit {"run_id":"fac27b8c-7d81-4f0e-a0c0-a15130ecc095","minute_time":"2026-09-26 16:26:00","batch_id":"917b3d78e73e470cfb507b903d4045e80f5ecc298bc7d644fe321d985fe7d539","run_hash":"c5e70b463f6f741a7c9f633676bf46b5c1b9c629eeb99f271866e07ad6e49953","prepared_at":"2026-09-26 16:26:59.007055","instrument_ids":[126,127,128,129,130,133,134,135,136,137,140,141,142,143,144,145,146,147,148,149,150,151,152,153,154,155,156,157],"member_hashes":["b41c0abe9f4cba8393b0b054d6c21b0f7a1879ebd841abc6e0d321eef62f4467","4c7028a20c0eff8f597b858ba27df754a70e61796d87b266c4e07631957f3f4d","c2acdc57e47875021d437589d38d294d1267f85d61231ed0789ae732b5bdf817","6a9ab838e3a527d9050d76d2263f494b18e30465fb93ed378e611fe8836d269d","f51c17104ca92ba1ce2fda264cff95c793e21fe181ea3cb69cb47b730d6c7e57","8a35cc2d76689180002ccf89adf2ab07d0ce9b038908471eed56e922d1ab887f","67841617aafe22597e1c92dad05493b5bf314792a139dd9c8415d9c7fdd43bc2","dda25341dce797a55b2b9e80236b5d4fe5db87fb923f5544185c100cd7855331","14f7b4c9bc0c44f80f6c6518068ef2eae9964ee4084f22e8c0f0013d4278f4dc","5aab89c4c2a50af957645365a2dab110090db76436f77940d3c0d62222f3cc30","27a8e447b9e73087623bac481d272e5d07c246b504defa7d704949216b114b22","78aafb1955e199778b8e29354a8ff987aea057e518eb7f5e3b0aeccb7ce6ffd1","72a1efa232da6cd102d0a53b2b69f6f9d7685111155d3738036e5b62277c5380","483f1902ccb13d1b6a1ef06b43f685cf1110608b88c98055c859ed8c5ceee386","1a05ad9067eee2b9435e00f79dcf05fb6165579c5b30c857a149402ddfb6f123","3019ee4c1a5abadab47b3a5fb9ab9b1d2c0bc34211b231ce81ae4f0d0de199
instruments {"instrument_id":10,"exchange":"Deribit","market_type":"delivery","exchange_symbol":"BTC-23SEP26","venue_contract_version":"deribit:697962:1789804818000:d52938b111e88965bec7f53743b39d4544babcb8706900a5228823cc75f9386e","base_asset":"BTC","quote_asset":"USD","settle_asset":"BTC","contract_multiplier":1,"price_tick_size":0.00000001,"quantity_step_size":0.00000001,"expiry_time":"2026-09-23 08:00:00"}
{"instrument_id":11,"exchange":"Deribit","market_type":"option","exchange_symbol":"BTC-23SEP26-80500-C","venue_contract_version":"deribit:697985:1789804818000:41b30fa146ce0887f433f55cbc85b1d9c7750d18dc5c361eab0420432729c52d","base_asset":"BTC","quote_asset":"BTC","settle_asset":"BTC","contract_multiplier":1,"price_tick_size":0.00000001,"quantity_step_size":0.00000001,"expiry_time":"2026-09-23 08:00:00"}
{"instrument_id":12,"exchange":"Deribit","market_type":"option","exchange_symbol":"BTC-23SEP26-80500-P","venue_contract_version":"deribit:697986:1789804818000:be24eb03eb962ab482cdd2db72f1310223dc397a7b94580fb8bebf9a85c4199c","base_asset":"BTC","quote_asset":"BTC","settle_asset":"BTC","contract_multiplier":1,"price_tick_size":0.00000001,"quantity_step_size":0.00000001,"expiry_time":"2026-09-23 08:00:00"}
{"instrument_id":13,"exchange":"Deribit","market_type":"option","exchange_symbol":"BTC-23SEP26-81000-C","venue_contract_version":"deribit:697987:1789804818000:c5446665ac9e62f163312a0183da84331f184d4ed6302e19b5a7b898feba0340","base_asset":"BTC","quote_asset":"BTC","settle_asset":"BTC",
specs {"instrument_id":126,"native_instrument_id":700679,"creation_time":"2026-09-23 08:00:22.000","definition_hash":"4726070b49c0cd3ac558b8281730ef7ad3e4c6aaf5c9c85e9ec33d573b8807d0","normalization_version":"deribit-jsonrpc-v1","source_instrument_type":"reversed","native_amount_kind":"usd","native_amount_currency":"USD","source_contract_size":10,"index_id":"btc_usd","settlement_semantics_id":"deribit-delivery-reversed-v1","option_type":null,"strike":null,"strike_currency":null,"leg_instrument_ids":[],"leg_signed_ratios":[],"leg_amount_per_combo":[],"definition_evidence_hash":"aa8f7b174752fff4faab9a2c026c8d12504bddb5e989f74f57eae6c586142dbb"}
{"instrument_id":127,"native_instrument_id":700698,"creation_time":"2026-09-23 08:00:22.000","definition_hash":"8fdd1686184c4121459305d8bb7b0b56d2b0d33c4dd98cfde3e03fc2babc3e43","normalization_version":"deribit-jsonrpc-v1","source_instrument_type":"reversed","native_amount_kind":"base","native_amount_currency":"BTC","source_contract_size":1,"index_id":"btc_usd","settlement_semantics_id":"deribit-option-reversed-v1","option_type":"call","strike":84000,"strike_currency":"USD","leg_instrument_ids":[],"leg_signed_ratios":[],"leg_amount_per_combo":[],"definition_evidence_hash":"0dc8e675eed4bca3383bbfb04783605cbcf55235ec12a69af7ba52f29d336fad"}
{"instrument_id":128,"native_instrument_id":700699,"creation_time":"2026-09-23 08:00:22.000","definition_hash":"eaa0b6fbeb3eef17bf559dfd060c0e566df778ab47f22b1032fcdfc984cb0ae5","normalization_version":"derib
